additional plugins config:
  1: |
    |-
      kubernetes:4285.v50ed5f624918
      workflow-aggregator:600.vb_57cdd26fdd7
      git:5.4.1
      configuration-as-code:1850.va_a_8c31d3158b_
      kubernetes-credentials-provider
default config:
  1: |
    |-
      kubernetes:4285.v50ed5f624918
      workflow-aggregator:600.vb_57cdd26fdd7
      git:5.4.1
      configuration-as-code:1850.va_a_8c31d3158b_
